{
  "msg_id": 1,
  "description": "Start Tracking Mode",
  "Tracking Channel": "USSD",
  "Tracking UDP Ip": "54.191.240.102",
  "Tracking UDP Port": 9999,
  "Sample Time (mins)": 5,
  "Report Time (mins)": 1,
  "Location Accuracy": "Low",
  "Send Device ID": "On",
  "Delta Compression": "Off",
  "raw": "000000000011011010111111111100000110011000100111000011110000010100000001000000000000000100000000",
  "Extra Bytes": "[]",
  "response": "<ussn-response  version='1.0' id='306'><status>Error<\\\/status><\\\/ussn-response>\\n",
  "deleted": "0",
  "status_code": "0",
  "bin_data": "1000000111111111000000000011011010111111111100000110011000100111000011110000010100000001000000000000000100000000",
  "msg_description": "Start Tracking Mode"
}