{
    "location accuracy": 0,
    "description": "Low",
    "num_of_lat_bits": 23,
    "num_of_long_bits": 24,
    "num_of_deltalat_bits": 16,
    "num_of_deltalong_bits": 16,
    "num_of_locations": "1",
    "latitude": [32.075833329658],
    "longitude": [34.782974409042],
    "deltalatitude": [],
    "deltalongitude": [],
    "speed": [0]
}