{
  "location accuracy": 0,
  "description": "Low",
  "num_of_lat_bits": 23,
  "num_of_long_bits": 24,
  "num_of_deltalat_bits": 16,
  "num_of_deltalong_bits": 16,
  "num_of_locations": "20",
  "latitude": [
    31.784008954049,
    31.784051869399,
    31.784073327073,
    31.784094784748,
    31.784116242423,
    31.784116242423,
    31.784116242423,
    31.784116242423,
    31.784116242423,
    31.784116242423,
    31.784116242423,
    31.784116242423,
    31.784094784748,
    31.784094784748,
    31.784094784748,
    31.784094784748,
    31.784094784748,
    31.784094784748,
    31.784094784748,
    31.784094784748
  ],
  "longitude": [
    35.214895916873,
    35.214853001526,
    35.214788628506,
    35.214702797812,
    35.214595509445,
    35.214595509445,
    35.214595509445,
    35.214595509445,
    35.214595509445,
    35.214595509445,
    35.214595509445,
    35.214595509445,
    35.214488221078,
    35.214488221078,
    35.214488221078,
    35.214488221078,
    35.214488221078,
    35.214488221078,
    35.214488221078,
    35.214488221078
  ],
  "deltalatitude": [],
  "deltalongitude": [],
  "speed": [
    1,
    2,
    1,
    1,
    0,
    0,
    0,
    0,
    0,
    0,
    0,
    0,
    0,
    0,
    0,
    0,
    0,
    0,
    0,
    0
  ]
}